2026-05-31 14:28:28,158 [INFO] ==> Resuming from checkpoint: logs/malcl_fl/cic_iot23/30-05-26_11-58/checkpoints/ckpt_round0102_task03_r012_acc21.3.pth
2026-05-31 14:28:28,221 [INFO] --- Starting Task 3 ---
2026-05-31 14:28:36,425 [INFO] 
--- Task 3, Round 13/30 (Global 103) ---
2026-05-31 14:29:13,128 [INFO]   Client 0 Loss: 8.0090
2026-05-31 14:29:42,520 [INFO]   Client 1 Loss: 7.9919
2026-05-31 14:30:02,744 [INFO]   Client 2 Loss: 8.0355
2026-05-31 14:30:35,009 [INFO]   Client 3 Loss: 8.0733
2026-05-31 14:31:21,144 [INFO]   Client 4 Loss: 8.1139
2026-05-31 14:31:28,525 [INFO]   Client 5 Loss: 9.3224
2026-05-31 14:31:32,157 [INFO]   Client 6 Loss: 8.8739
2026-05-31 14:32:48,756 [INFO]   Client 7 Loss: 7.9830
2026-05-31 14:36:36,992 [INFO] [Task 3 | Round 13/30 | Global 103] Acc: 21.26% | F1-Mac: 12.36% | Loss: 8.3004
2026-05-31 14:36:37,011 [INFO] 
--- Task 3, Round 14/30 (Global 104) ---
2026-05-31 14:37:01,057 [INFO]   Client 0 Loss: 8.0049
2026-05-31 14:37:31,761 [INFO]   Client 1 Loss: 7.9838
2026-05-31 14:37:52,376 [INFO]   Client 2 Loss: 8.0118
2026-05-31 14:38:24,563 [INFO]   Client 3 Loss: 8.0607
2026-05-31 14:39:10,117 [INFO]   Client 4 Loss: 8.1027
2026-05-31 14:39:17,315 [INFO]   Client 5 Loss: 9.3158
2026-05-31 14:39:21,130 [INFO]   Client 6 Loss: 8.8534
2026-05-31 14:40:37,548 [INFO]   Client 7 Loss: 7.9687
2026-05-31 14:44:26,306 [INFO] [Task 3 | Round 14/30 | Global 104] Acc: 21.23% | F1-Mac: 12.32% | Loss: 8.2877
2026-05-31 14:44:26,323 [INFO] 
--- Task 3, Round 15/30 (Global 105) ---
2026-05-31 14:44:50,482 [INFO]   Client 0 Loss: 7.9972
2026-05-31 14:45:21,085 [INFO]   Client 1 Loss: 7.9753
2026-05-31 14:45:41,621 [INFO]   Client 2 Loss: 8.0304
2026-05-31 14:46:13,722 [INFO]   Client 3 Loss: 8.0548
2026-05-31 14:46:59,265 [INFO]   Client 4 Loss: 8.0892
2026-05-31 14:47:06,481 [INFO]   Client 5 Loss: 9.3124
2026-05-31 14:47:10,142 [INFO]   Client 6 Loss: 8.8748
2026-05-31 14:48:26,325 [INFO]   Client 7 Loss: 7.9528
2026-05-31 14:52:15,947 [INFO] [Task 3 | Round 15/30 | Global 105] Acc: 21.29% | F1-Mac: 12.31% | Loss: 8.2859
2026-05-31 14:52:15,964 [INFO] 
--- Task 3, Round 16/30 (Global 106) ---
2026-05-31 14:52:40,060 [INFO]   Client 0 Loss: 7.9875
2026-05-31 14:53:10,594 [INFO]   Client 1 Loss: 7.9899
2026-05-31 14:53:31,127 [INFO]   Client 2 Loss: 8.0101
2026-05-31 14:54:03,269 [INFO]   Client 3 Loss: 8.0352
2026-05-31 14:54:48,930 [INFO]   Client 4 Loss: 8.0754
2026-05-31 14:54:56,093 [INFO]   Client 5 Loss: 9.3006
2026-05-31 14:54:59,756 [INFO]   Client 6 Loss: 8.8420
2026-05-31 14:56:15,690 [INFO]   Client 7 Loss: 7.9628
2026-05-31 15:00:02,440 [INFO] [Task 3 | Round 16/30 | Global 106] Acc: 21.27% | F1-Mac: 12.33% | Loss: 8.2754
2026-05-31 15:00:02,457 [INFO] 
--- Task 3, Round 17/30 (Global 107) ---
2026-05-31 15:00:26,581 [INFO]   Client 0 Loss: 7.9751
2026-05-31 15:00:57,371 [INFO]   Client 1 Loss: 7.9650
2026-05-31 15:01:17,941 [INFO]   Client 2 Loss: 7.9872
2026-05-31 15:01:50,187 [INFO]   Client 3 Loss: 8.0271
2026-05-31 15:02:36,150 [INFO]   Client 4 Loss: 8.0658
2026-05-31 15:02:43,363 [INFO]   Client 5 Loss: 9.2898
2026-05-31 15:02:47,019 [INFO]   Client 6 Loss: 8.8534
2026-05-31 15:04:03,214 [INFO]   Client 7 Loss: 7.9492
2026-05-31 15:07:50,316 [INFO] [Task 3 | Round 17/30 | Global 107] Acc: 21.19% | F1-Mac: 12.17% | Loss: 8.2641
2026-05-31 15:07:50,334 [INFO] 
--- Task 3, Round 18/30 (Global 108) ---
2026-05-31 15:08:14,523 [INFO]   Client 0 Loss: 7.9509
2026-05-31 15:08:45,290 [INFO]   Client 1 Loss: 7.9782
2026-05-31 15:09:06,121 [INFO]   Client 2 Loss: 7.9864
2026-05-31 15:09:38,498 [INFO]   Client 3 Loss: 8.0172
2026-05-31 15:10:24,113 [INFO]   Client 4 Loss: 8.0555
2026-05-31 15:10:31,296 [INFO]   Client 5 Loss: 9.2757
2026-05-31 15:10:34,953 [INFO]   Client 6 Loss: 8.8524
2026-05-31 15:11:51,352 [INFO]   Client 7 Loss: 7.9420
2026-05-31 15:15:40,038 [INFO] [Task 3 | Round 18/30 | Global 108] Acc: 21.22% | F1-Mac: 12.41% | Loss: 8.2573
2026-05-31 15:15:40,054 [INFO] 
--- Task 3, Round 19/30 (Global 109) ---
2026-05-31 15:16:04,063 [INFO]   Client 0 Loss: 7.9962
2026-05-31 15:16:34,639 [INFO]   Client 1 Loss: 7.9493
2026-05-31 15:16:55,405 [INFO]   Client 2 Loss: 7.9802
2026-05-31 15:17:27,534 [INFO]   Client 3 Loss: 8.0124
2026-05-31 15:18:13,166 [INFO]   Client 4 Loss: 8.0501
2026-05-31 15:18:20,556 [INFO]   Client 5 Loss: 9.2671
2026-05-31 15:18:24,222 [INFO]   Client 6 Loss: 8.8291
2026-05-31 15:19:40,564 [INFO]   Client 7 Loss: 7.9308
2026-05-31 15:23:27,526 [INFO] [Task 3 | Round 19/30 | Global 109] Acc: 21.20% | F1-Mac: 12.24% | Loss: 8.2519
2026-05-31 15:23:27,544 [INFO] 
--- Task 3, Round 20/30 (Global 110) ---
2026-05-31 15:23:51,563 [INFO]   Client 0 Loss: 7.9485
2026-05-31 15:24:21,966 [INFO]   Client 1 Loss: 7.9445
2026-05-31 15:24:42,641 [INFO]   Client 2 Loss: 8.0012
2026-05-31 15:25:14,645 [INFO]   Client 3 Loss: 8.0057
2026-05-31 15:26:00,064 [INFO]   Client 4 Loss: 8.0395
2026-05-31 15:26:07,424 [INFO]   Client 5 Loss: 9.2812
2026-05-31 15:26:11,072 [INFO]   Client 6 Loss: 8.8286
2026-05-31 15:27:27,207 [INFO]   Client 7 Loss: 7.9272
2026-05-31 15:31:13,678 [INFO] [Task 3 | Round 20/30 | Global 110] Acc: 21.21% | F1-Mac: 12.24% | Loss: 8.2471
2026-05-31 15:31:13,695 [INFO] 
--- Task 3, Round 21/30 (Global 111) ---
2026-05-31 15:31:37,766 [INFO]   Client 0 Loss: 7.9392
2026-05-31 15:32:08,252 [INFO]   Client 1 Loss: 7.9278
2026-05-31 15:32:28,917 [INFO]   Client 2 Loss: 7.9753
2026-05-31 15:33:00,897 [INFO]   Client 3 Loss: 8.0050
2026-05-31 15:33:46,172 [INFO]   Client 4 Loss: 8.0283
2026-05-31 15:33:53,472 [INFO]   Client 5 Loss: 9.2463
2026-05-31 15:33:57,084 [INFO]   Client 6 Loss: 8.8271
2026-05-31 15:35:12,052 [INFO]   Client 7 Loss: 7.9128
2026-05-31 15:38:52,055 [INFO] [Task 3 | Round 21/30 | Global 111] Acc: 21.22% | F1-Mac: 12.30% | Loss: 8.2327
2026-05-31 15:38:52,073 [INFO] 
--- Task 3, Round 22/30 (Global 112) ---
2026-05-31 15:39:16,350 [INFO]   Client 0 Loss: 7.9480
2026-05-31 15:39:46,196 [INFO]   Client 1 Loss: 7.9341
2026-05-31 15:40:06,716 [INFO]   Client 2 Loss: 7.9592
2026-05-31 15:40:38,552 [INFO]   Client 3 Loss: 7.9805
2026-05-31 15:41:23,306 [INFO]   Client 4 Loss: 8.0174
2026-05-31 15:41:30,554 [INFO]   Client 5 Loss: 9.2770
2026-05-31 15:41:34,186 [INFO]   Client 6 Loss: 8.8008
2026-05-31 15:42:49,025 [INFO]   Client 7 Loss: 7.8945
2026-05-31 15:46:31,757 [INFO] [Task 3 | Round 22/30 | Global 112] Acc: 21.19% | F1-Mac: 12.09% | Loss: 8.2264
2026-05-31 15:46:31,774 [INFO] 
--- Task 3, Round 23/30 (Global 113) ---
2026-05-31 15:46:56,089 [INFO]   Client 0 Loss: 7.9467
2026-05-31 15:47:25,902 [INFO]   Client 1 Loss: 7.9217
2026-05-31 15:47:46,214 [INFO]   Client 2 Loss: 7.9560
2026-05-31 15:48:18,116 [INFO]   Client 3 Loss: 7.9742
2026-05-31 15:49:02,915 [INFO]   Client 4 Loss: 8.0169
2026-05-31 15:49:10,185 [INFO]   Client 5 Loss: 9.2598
2026-05-31 15:49:13,791 [INFO]   Client 6 Loss: 8.8002
2026-05-31 15:50:29,006 [INFO]   Client 7 Loss: 7.8882
2026-05-31 15:54:08,211 [INFO] [Task 3 | Round 23/30 | Global 113] Acc: 21.25% | F1-Mac: 12.35% | Loss: 8.2205
2026-05-31 15:54:08,227 [INFO] 
--- Task 3, Round 24/30 (Global 114) ---
2026-05-31 15:54:32,436 [INFO]   Client 0 Loss: 7.9319
2026-05-31 15:55:02,298 [INFO]   Client 1 Loss: 7.8897
2026-05-31 15:55:22,673 [INFO]   Client 2 Loss: 7.9348
2026-05-31 15:55:54,301 [INFO]   Client 3 Loss: 7.9667
2026-05-31 15:56:39,283 [INFO]   Client 4 Loss: 8.0067
2026-05-31 15:56:46,555 [INFO]   Client 5 Loss: 9.2625
2026-05-31 15:56:50,197 [INFO]   Client 6 Loss: 8.8312
2026-05-31 15:58:05,354 [INFO]   Client 7 Loss: 7.8970
2026-05-31 16:01:44,168 [INFO] [Task 3 | Round 24/30 | Global 114] Acc: 21.24% | F1-Mac: 12.39% | Loss: 8.2151
2026-05-31 16:01:44,185 [INFO] 
--- Task 3, Round 25/30 (Global 115) ---
2026-05-31 16:02:08,663 [INFO]   Client 0 Loss: 7.9025
2026-05-31 16:02:38,709 [INFO]   Client 1 Loss: 7.8779
2026-05-31 16:02:59,189 [INFO]   Client 2 Loss: 7.9487
2026-05-31 16:03:31,041 [INFO]   Client 3 Loss: 7.9484
2026-05-31 16:04:16,179 [INFO]   Client 4 Loss: 7.9914
2026-05-31 16:04:23,462 [INFO]   Client 5 Loss: 9.2867
2026-05-31 16:04:27,073 [INFO]   Client 6 Loss: 8.7726
2026-05-31 16:05:42,519 [INFO]   Client 7 Loss: 7.8686
2026-05-31 16:09:26,652 [INFO] [Task 3 | Round 25/30 | Global 115] Acc: 21.20% | F1-Mac: 12.24% | Loss: 8.1996
2026-05-31 16:09:26,671 [INFO] 
--- Task 3, Round 26/30 (Global 116) ---
2026-05-31 16:09:51,100 [INFO]   Client 0 Loss: 7.9316
2026-05-31 16:10:20,855 [INFO]   Client 1 Loss: 7.8732
2026-05-31 16:10:41,061 [INFO]   Client 2 Loss: 7.8834
2026-05-31 16:11:12,802 [INFO]   Client 3 Loss: 7.9417
2026-05-31 16:11:58,068 [INFO]   Client 4 Loss: 7.9973
2026-05-31 16:12:05,428 [INFO]   Client 5 Loss: 9.3039
2026-05-31 16:12:09,076 [INFO]   Client 6 Loss: 8.7898
2026-05-31 16:13:24,774 [INFO]   Client 7 Loss: 7.8850
2026-05-31 16:17:08,269 [INFO] [Task 3 | Round 26/30 | Global 116] Acc: 21.22% | F1-Mac: 12.39% | Loss: 8.2007
2026-05-31 16:17:08,286 [INFO] 
--- Task 3, Round 27/30 (Global 117) ---
2026-05-31 16:17:32,699 [INFO]   Client 0 Loss: 7.9196
2026-05-31 16:18:02,699 [INFO]   Client 1 Loss: 7.8879
2026-05-31 16:18:23,185 [INFO]   Client 2 Loss: 7.8808
2026-05-31 16:18:55,285 [INFO]   Client 3 Loss: 7.9283
2026-05-31 16:19:40,463 [INFO]   Client 4 Loss: 7.9782
2026-05-31 16:19:47,832 [INFO]   Client 5 Loss: 9.3167
2026-05-31 16:19:51,470 [INFO]   Client 6 Loss: 8.7891
2026-05-31 16:21:07,083 [INFO]   Client 7 Loss: 7.8799
2026-05-31 16:24:50,297 [INFO] [Task 3 | Round 27/30 | Global 117] Acc: 21.23% | F1-Mac: 12.19% | Loss: 8.1976
2026-05-31 16:24:50,314 [INFO] 
--- Task 3, Round 28/30 (Global 118) ---
2026-05-31 16:25:14,717 [INFO]   Client 0 Loss: 7.8865
2026-05-31 16:25:45,032 [INFO]   Client 1 Loss: 7.8671
2026-05-31 16:26:05,500 [INFO]   Client 2 Loss: 7.9009
2026-05-31 16:26:37,443 [INFO]   Client 3 Loss: 7.9114
2026-05-31 16:27:22,596 [INFO]   Client 4 Loss: 7.9565
2026-05-31 16:27:29,889 [INFO]   Client 5 Loss: 9.2973
2026-05-31 16:27:33,532 [INFO]   Client 6 Loss: 8.7905
2026-05-31 16:28:49,458 [INFO]   Client 7 Loss: 7.8442
2026-05-31 16:32:32,648 [INFO] [Task 3 | Round 28/30 | Global 118] Acc: 21.19% | F1-Mac: 12.09% | Loss: 8.1818
2026-05-31 16:32:32,666 [INFO] 
--- Task 3, Round 29/30 (Global 119) ---
2026-05-31 16:32:57,026 [INFO]   Client 0 Loss: 7.8801
2026-05-31 16:33:27,113 [INFO]   Client 1 Loss: 7.8566
2026-05-31 16:33:47,646 [INFO]   Client 2 Loss: 7.8487
2026-05-31 16:34:19,734 [INFO]   Client 3 Loss: 7.9167
2026-05-31 16:35:05,087 [INFO]   Client 4 Loss: 7.9637
2026-05-31 16:35:12,404 [INFO]   Client 5 Loss: 9.3090
2026-05-31 16:35:16,042 [INFO]   Client 6 Loss: 8.7430
2026-05-31 16:36:31,571 [INFO]   Client 7 Loss: 7.8586
2026-05-31 16:40:15,128 [INFO] [Task 3 | Round 29/30 | Global 119] Acc: 21.24% | F1-Mac: 12.31% | Loss: 8.1721
2026-05-31 16:40:15,146 [INFO] 
--- Task 3, Round 30/30 (Global 120) ---
2026-05-31 16:40:39,435 [INFO]   Client 0 Loss: 7.9086
2026-05-31 16:41:09,601 [INFO]   Client 1 Loss: 7.8522
2026-05-31 16:41:30,101 [INFO]   Client 2 Loss: 7.8608
2026-05-31 16:42:02,040 [INFO]   Client 3 Loss: 7.8912
2026-05-31 16:42:47,262 [INFO]   Client 4 Loss: 7.9600
2026-05-31 16:42:54,585 [INFO]   Client 5 Loss: 9.2667
2026-05-31 16:42:58,252 [INFO]   Client 6 Loss: 8.7732
2026-05-31 16:44:13,785 [INFO]   Client 7 Loss: 7.8179
2026-05-31 16:47:56,883 [INFO] [Task 3 | Round 30/30 | Global 120] Acc: 21.20% | F1-Mac: 12.12% | Loss: 8.1663
2026-05-31 16:47:56,899 [INFO] Task 3 finished. Computing statistics for replay across clients...
2026-05-31 16:48:48,040 [INFO] Task 3 fully completed.
2026-05-31 16:48:48,206 [INFO] --- Starting Task 4 ---
2026-05-31 16:48:54,853 [INFO] Expanding Global Classifier: 24 -> 30
2026-05-31 16:49:00,875 [INFO] 
--- Task 4, Round 1/30 (Global 121) ---
2026-05-31 16:49:26,303 [INFO]   Client 0 Loss: 9.9262
2026-05-31 16:49:40,332 [INFO]   Client 1 Loss: 9.9634
2026-05-31 16:50:03,934 [INFO]   Client 2 Loss: 9.7186
2026-05-31 16:50:06,939 [INFO]   Client 3 Loss: 10.9365
2026-05-31 16:51:18,125 [INFO]   Client 4 Loss: 9.3061
2026-05-31 16:52:05,486 [INFO]   Client 5 Loss: 9.4088
2026-05-31 16:53:49,997 [INFO]   Client 6 Loss: 8.9992
2026-05-31 16:54:10,815 [INFO]   Client 7 Loss: 9.5154
2026-05-31 16:54:36,018 [INFO]   Client 8 Loss: 9.7187
2026-05-31 16:59:51,733 [INFO] [Task 4 | Round 1/30 | Global 121] Acc: 9.84% | F1-Mac: 2.09% | Loss: 9.7214
2026-05-31 16:59:51,749 [INFO] 
--- Task 4, Round 2/30 (Global 122) ---
2026-05-31 17:00:16,853 [INFO]   Client 0 Loss: 9.6333
2026-05-31 17:00:30,533 [INFO]   Client 1 Loss: 9.4739
2026-05-31 17:00:53,869 [INFO]   Client 2 Loss: 9.1526
2026-05-31 17:00:56,587 [INFO]   Client 3 Loss: 10.1744
2026-05-31 17:02:07,788 [INFO]   Client 4 Loss: 9.1320
2026-05-31 17:02:54,899 [INFO]   Client 5 Loss: 9.2330
2026-05-31 17:04:40,105 [INFO]   Client 6 Loss: 8.7960
2026-05-31 17:05:00,873 [INFO]   Client 7 Loss: 9.1961
2026-05-31 17:05:26,144 [INFO]   Client 8 Loss: 9.2543
2026-05-31 17:10:43,523 [INFO] [Task 4 | Round 2/30 | Global 122] Acc: 20.03% | F1-Mac: 6.81% | Loss: 9.3384
2026-05-31 17:10:43,540 [INFO] 
--- Task 4, Round 3/30 (Global 123) ---
2026-05-31 17:11:08,606 [INFO]   Client 0 Loss: 9.5119
2026-05-31 17:11:22,467 [INFO]   Client 1 Loss: 9.4074
2026-05-31 17:11:45,901 [INFO]   Client 2 Loss: 8.9505
2026-05-31 17:11:48,782 [INFO]   Client 3 Loss: 10.1426
2026-05-31 17:13:00,107 [INFO]   Client 4 Loss: 9.0533
2026-05-31 17:13:47,812 [INFO]   Client 5 Loss: 9.1307
2026-05-31 17:15:33,037 [INFO]   Client 6 Loss: 8.7183
2026-05-31 17:15:53,982 [INFO]   Client 7 Loss: 9.0301
2026-05-31 17:16:19,307 [INFO]   Client 8 Loss: 9.0780
2026-05-31 17:21:35,507 [INFO] [Task 4 | Round 3/30 | Global 123] Acc: 11.95% | F1-Mac: 5.93% | Loss: 9.2248
2026-05-31 17:21:35,524 [INFO] 
--- Task 4, Round 4/30 (Global 124) ---
2026-05-31 17:22:00,603 [INFO]   Client 0 Loss: 9.4414
2026-05-31 17:22:14,313 [INFO]   Client 1 Loss: 9.2839
2026-05-31 17:22:37,628 [INFO]   Client 2 Loss: 8.8577
2026-05-31 17:22:40,328 [INFO]   Client 3 Loss: 10.0524
2026-05-31 17:23:51,642 [INFO]   Client 4 Loss: 8.9977
2026-05-31 17:24:38,995 [INFO]   Client 5 Loss: 9.0562
2026-05-31 17:26:24,473 [INFO]   Client 6 Loss: 8.6520
2026-05-31 17:26:45,341 [INFO]   Client 7 Loss: 8.9497
2026-05-31 17:27:10,565 [INFO]   Client 8 Loss: 9.0472
2026-05-31 17:32:27,955 [INFO] [Task 4 | Round 4/30 | Global 124] Acc: 12.15% | F1-Mac: 6.25% | Loss: 9.1487
2026-05-31 17:32:27,972 [INFO] 
--- Task 4, Round 5/30 (Global 125) ---
2026-05-31 17:32:53,134 [INFO]   Client 0 Loss: 9.3761
2026-05-31 17:33:06,984 [INFO]   Client 1 Loss: 9.2428
2026-05-31 17:33:30,236 [INFO]   Client 2 Loss: 8.7754
2026-05-31 17:33:33,086 [INFO]   Client 3 Loss: 10.0700
2026-05-31 17:34:43,973 [INFO]   Client 4 Loss: 8.9502
2026-05-31 17:35:31,426 [INFO]   Client 5 Loss: 9.0185
2026-05-31 17:37:16,759 [INFO]   Client 6 Loss: 8.6183
2026-05-31 17:37:37,589 [INFO]   Client 7 Loss: 8.8913
2026-05-31 17:38:02,825 [INFO]   Client 8 Loss: 8.9481
2026-05-31 17:43:18,887 [INFO] [Task 4 | Round 5/30 | Global 125] Acc: 12.87% | F1-Mac: 6.76% | Loss: 9.0990
2026-05-31 17:43:18,903 [INFO] 
--- Task 4, Round 6/30 (Global 126) ---
2026-05-31 17:43:43,954 [INFO]   Client 0 Loss: 9.3183
2026-05-31 17:43:57,569 [INFO]   Client 1 Loss: 9.1569
2026-05-31 17:44:20,927 [INFO]   Client 2 Loss: 8.7541
2026-05-31 17:44:23,658 [INFO]   Client 3 Loss: 10.0284
2026-05-31 17:45:34,766 [INFO]   Client 4 Loss: 8.9403
2026-05-31 17:46:22,065 [INFO]   Client 5 Loss: 8.9837
2026-05-31 17:48:07,406 [INFO]   Client 6 Loss: 8.5987
2026-05-31 17:48:28,231 [INFO]   Client 7 Loss: 8.8579
2026-05-31 17:48:53,568 [INFO]   Client 8 Loss: 8.8831
2026-05-31 17:54:09,585 [INFO] [Task 4 | Round 6/30 | Global 126] Acc: 12.71% | F1-Mac: 5.42% | Loss: 9.0579
2026-05-31 17:54:09,602 [INFO] 
--- Task 4, Round 7/30 (Global 127) ---
2026-05-31 17:54:34,714 [INFO]   Client 0 Loss: 9.2955
2026-05-31 17:54:48,532 [INFO]   Client 1 Loss: 9.1025
2026-05-31 17:55:11,823 [INFO]   Client 2 Loss: 8.6655
2026-05-31 17:55:14,704 [INFO]   Client 3 Loss: 10.0264
2026-05-31 17:56:25,993 [INFO]   Client 4 Loss: 8.8870
2026-05-31 17:57:13,675 [INFO]   Client 5 Loss: 8.9259
2026-05-31 17:58:58,595 [INFO]   Client 6 Loss: 8.5471
2026-05-31 17:59:19,501 [INFO]   Client 7 Loss: 8.8217
2026-05-31 17:59:44,853 [INFO]   Client 8 Loss: 8.8543
2026-05-31 18:05:00,542 [INFO] [Task 4 | Round 7/30 | Global 127] Acc: 16.82% | F1-Mac: 5.34% | Loss: 9.0140
2026-05-31 18:05:00,558 [INFO] 
--- Task 4, Round 8/30 (Global 128) ---
2026-05-31 18:05:25,578 [INFO]   Client 0 Loss: 9.2391
2026-05-31 18:05:39,259 [INFO]   Client 1 Loss: 9.0708
2026-05-31 18:06:02,537 [INFO]   Client 2 Loss: 8.6543
2026-05-31 18:06:05,238 [INFO]   Client 3 Loss: 9.9816
2026-05-31 18:07:16,372 [INFO]   Client 4 Loss: 8.8874
2026-05-31 18:08:03,696 [INFO]   Client 5 Loss: 8.9248
2026-05-31 18:09:48,909 [INFO]   Client 6 Loss: 8.5383
2026-05-31 18:10:09,683 [INFO]   Client 7 Loss: 8.8075
2026-05-31 18:10:34,909 [INFO]   Client 8 Loss: 8.8116
2026-05-31 18:15:51,424 [INFO] [Task 4 | Round 8/30 | Global 128] Acc: 12.81% | F1-Mac: 5.31% | Loss: 8.9906
2026-05-31 18:15:51,440 [INFO] 
--- Task 4, Round 9/30 (Global 129) ---
2026-05-31 18:16:16,602 [INFO]   Client 0 Loss: 9.2076
2026-05-31 18:16:30,504 [INFO]   Client 1 Loss: 9.0411
2026-05-31 18:16:53,797 [INFO]   Client 2 Loss: 8.6230
2026-05-31 18:16:56,674 [INFO]   Client 3 Loss: 9.9777
2026-05-31 18:18:08,026 [INFO]   Client 4 Loss: 8.8422
2026-05-31 18:18:55,879 [INFO]   Client 5 Loss: 8.8834
2026-05-31 18:20:41,597 [INFO]   Client 6 Loss: 8.5054
2026-05-31 18:21:02,374 [INFO]   Client 7 Loss: 8.7686
2026-05-31 18:21:27,762 [INFO]   Client 8 Loss: 8.7758
2026-05-31 18:26:42,982 [INFO] [Task 4 | Round 9/30 | Global 129] Acc: 16.83% | F1-Mac: 6.08% | Loss: 8.9583
2026-05-31 18:26:42,999 [INFO] 
--- Task 4, Round 10/30 (Global 130) ---
2026-05-31 18:27:08,169 [INFO]   Client 0 Loss: 9.1833
2026-05-31 18:27:21,854 [INFO]   Client 1 Loss: 8.9933
2026-05-31 18:27:45,039 [INFO]   Client 2 Loss: 8.6178
2026-05-31 18:27:47,747 [INFO]   Client 3 Loss: 9.9412
2026-05-31 18:28:58,801 [INFO]   Client 4 Loss: 8.8026
2026-05-31 18:29:46,285 [INFO]   Client 5 Loss: 8.8484
2026-05-31 18:31:31,808 [INFO]   Client 6 Loss: 8.5077
2026-05-31 18:31:52,745 [INFO]   Client 7 Loss: 8.7451
2026-05-31 18:32:18,145 [INFO]   Client 8 Loss: 8.7340
2026-05-31 18:37:35,143 [INFO] [Task 4 | Round 10/30 | Global 130] Acc: 15.51% | F1-Mac: 5.97% | Loss: 8.9304
2026-05-31 18:37:35,159 [INFO] 
--- Task 4, Round 11/30 (Global 131) ---
2026-05-31 18:38:00,290 [INFO]   Client 0 Loss: 9.1574
2026-05-31 18:38:14,119 [INFO]   Client 1 Loss: 9.0023
2026-05-31 18:38:37,444 [INFO]   Client 2 Loss: 8.5652
2026-05-31 18:38:40,313 [INFO]   Client 3 Loss: 9.9608
2026-05-31 18:39:51,603 [INFO]   Client 4 Loss: 8.8260
2026-05-31 18:40:39,175 [INFO]   Client 5 Loss: 8.8578
2026-05-31 18:42:24,268 [INFO]   Client 6 Loss: 8.5029
2026-05-31 18:42:45,234 [INFO]   Client 7 Loss: 8.7397
2026-05-31 18:43:10,506 [INFO]   Client 8 Loss: 8.7136
2026-05-31 18:48:27,112 [INFO] [Task 4 | Round 11/30 | Global 131] Acc: 12.99% | F1-Mac: 5.78% | Loss: 8.9251
2026-05-31 18:48:27,129 [INFO] 
--- Task 4, Round 12/30 (Global 132) ---
2026-05-31 18:48:52,277 [INFO]   Client 0 Loss: 9.1341
2026-05-31 18:49:05,908 [INFO]   Client 1 Loss: 8.9410
2026-05-31 18:49:29,200 [INFO]   Client 2 Loss: 8.5558
2026-05-31 18:49:31,921 [INFO]   Client 3 Loss: 9.8954
2026-05-31 18:50:43,901 [INFO]   Client 4 Loss: 8.8140
2026-05-31 18:51:31,193 [INFO]   Client 5 Loss: 8.8344
2026-05-31 18:53:16,430 [INFO]   Client 6 Loss: 8.4951
2026-05-31 18:53:37,286 [INFO]   Client 7 Loss: 8.7285
2026-05-31 18:54:02,543 [INFO]   Client 8 Loss: 8.7078
2026-05-31 18:59:19,626 [INFO] [Task 4 | Round 12/30 | Global 132] Acc: 12.49% | F1-Mac: 4.96% | Loss: 8.9007
2026-05-31 18:59:19,643 [INFO] 
--- Task 4, Round 13/30 (Global 133) ---
2026-05-31 18:59:44,682 [INFO]   Client 0 Loss: 9.1135
2026-05-31 18:59:58,565 [INFO]   Client 1 Loss: 8.9440
2026-05-31 19:00:21,866 [INFO]   Client 2 Loss: 8.5465
2026-05-31 19:00:24,704 [INFO]   Client 3 Loss: 9.9101
2026-05-31 19:01:35,568 [INFO]   Client 4 Loss: 8.8097
2026-05-31 19:02:22,882 [INFO]   Client 5 Loss: 8.8278
2026-05-31 19:04:07,810 [INFO]   Client 6 Loss: 8.4449
2026-05-31 19:04:28,602 [INFO]   Client 7 Loss: 8.7350
2026-05-31 19:04:53,985 [INFO]   Client 8 Loss: 8.6910
2026-05-31 19:10:11,288 [INFO] [Task 4 | Round 13/30 | Global 133] Acc: 13.40% | F1-Mac: 5.46% | Loss: 8.8914
2026-05-31 19:10:11,305 [INFO] 
--- Task 4, Round 14/30 (Global 134) ---
2026-05-31 19:10:36,377 [INFO]   Client 0 Loss: 9.1031
2026-05-31 19:10:50,000 [INFO]   Client 1 Loss: 8.9243
2026-05-31 19:11:13,317 [INFO]   Client 2 Loss: 8.5324
2026-05-31 19:11:16,022 [INFO]   Client 3 Loss: 10.0510
2026-05-31 19:12:27,370 [INFO]   Client 4 Loss: 8.7975
2026-05-31 19:13:14,815 [INFO]   Client 5 Loss: 8.8144
2026-05-31 19:14:59,989 [INFO]   Client 6 Loss: 8.4680
2026-05-31 19:15:20,744 [INFO]   Client 7 Loss: 8.7168
2026-05-31 19:15:45,954 [INFO]   Client 8 Loss: 8.6684
2026-05-31 19:21:02,671 [INFO] [Task 4 | Round 14/30 | Global 134] Acc: 17.17% | F1-Mac: 6.75% | Loss: 8.8973
2026-05-31 19:21:02,687 [INFO] 
--- Task 4, Round 15/30 (Global 135) ---
2026-05-31 19:21:27,754 [INFO]   Client 0 Loss: 9.0994
2026-05-31 19:21:41,592 [INFO]   Client 1 Loss: 8.9201
2026-05-31 19:22:04,952 [INFO]   Client 2 Loss: 8.4938
2026-05-31 19:22:07,805 [INFO]   Client 3 Loss: 9.9063
2026-05-31 19:23:18,816 [INFO]   Client 4 Loss: 8.7836
2026-05-31 19:24:06,408 [INFO]   Client 5 Loss: 8.8188
2026-05-31 19:25:51,380 [INFO]   Client 6 Loss: 8.4591
2026-05-31 19:26:12,187 [INFO]   Client 7 Loss: 8.7027
2026-05-31 19:26:37,646 [INFO]   Client 8 Loss: 8.6887
2026-05-31 19:31:53,831 [INFO] [Task 4 | Round 15/30 | Global 135] Acc: 13.11% | F1-Mac: 5.17% | Loss: 8.8747
2026-05-31 19:31:53,848 [INFO] 
--- Task 4, Round 16/30 (Global 136) ---
2026-05-31 19:32:18,970 [INFO]   Client 0 Loss: 9.0722
2026-05-31 19:32:32,669 [INFO]   Client 1 Loss: 8.9096
2026-05-31 19:32:55,950 [INFO]   Client 2 Loss: 8.4810
2026-05-31 19:32:58,665 [INFO]   Client 3 Loss: 9.8794
2026-05-31 19:34:10,198 [INFO]   Client 4 Loss: 8.7842
2026-05-31 19:34:57,588 [INFO]   Client 5 Loss: 8.8371
2026-05-31 19:36:43,433 [INFO]   Client 6 Loss: 8.4348
2026-05-31 19:37:04,257 [INFO]   Client 7 Loss: 8.7141
2026-05-31 19:37:29,559 [INFO]   Client 8 Loss: 8.6455
2026-05-31 19:42:46,056 [INFO] [Task 4 | Round 16/30 | Global 136] Acc: 13.52% | F1-Mac: 5.44% | Loss: 8.8620
2026-05-31 19:42:46,073 [INFO] 
--- Task 4, Round 17/30 (Global 137) ---
2026-05-31 19:43:11,239 [INFO]   Client 0 Loss: 9.0729
2026-05-31 19:43:25,067 [INFO]   Client 1 Loss: 8.9288
2026-05-31 19:43:48,369 [INFO]   Client 2 Loss: 8.4906
2026-05-31 19:43:51,276 [INFO]   Client 3 Loss: 9.8536
2026-05-31 19:45:02,395 [INFO]   Client 4 Loss: 8.8096
2026-05-31 19:45:49,841 [INFO]   Client 5 Loss: 8.8068
2026-05-31 19:47:35,341 [INFO]   Client 6 Loss: 8.4554
2026-05-31 19:47:56,239 [INFO]   Client 7 Loss: 8.6928
2026-05-31 19:48:21,557 [INFO]   Client 8 Loss: 8.6503
2026-05-31 19:53:38,164 [INFO] [Task 4 | Round 17/30 | Global 137] Acc: 13.82% | F1-Mac: 5.43% | Loss: 8.8623
2026-05-31 19:53:38,181 [INFO] 
--- Task 4, Round 18/30 (Global 138) ---
2026-05-31 19:54:03,251 [INFO]   Client 0 Loss: 9.0536
2026-05-31 19:54:16,850 [INFO]   Client 1 Loss: 8.9011
2026-05-31 19:54:40,086 [INFO]   Client 2 Loss: 8.4707
2026-05-31 19:54:42,798 [INFO]   Client 3 Loss: 9.8554
2026-05-31 19:55:53,815 [INFO]   Client 4 Loss: 8.7351
2026-05-31 19:56:41,248 [INFO]   Client 5 Loss: 8.7823
2026-05-31 19:58:26,455 [INFO]   Client 6 Loss: 8.4204
2026-05-31 19:58:47,394 [INFO]   Client 7 Loss: 8.7071
2026-05-31 19:59:12,643 [INFO]   Client 8 Loss: 8.6451
2026-05-31 20:04:30,196 [INFO] [Task 4 | Round 18/30 | Global 138] Acc: 14.53% | F1-Mac: 5.61% | Loss: 8.8412
2026-05-31 20:04:30,213 [INFO] 
--- Task 4, Round 19/30 (Global 139) ---
2026-05-31 20:04:55,308 [INFO]   Client 0 Loss: 9.0522
2026-05-31 20:05:09,116 [INFO]   Client 1 Loss: 8.8485
2026-05-31 20:05:32,358 [INFO]   Client 2 Loss: 8.4197
2026-05-31 20:05:35,221 [INFO]   Client 3 Loss: 9.8242
2026-05-31 20:06:46,314 [INFO]   Client 4 Loss: 8.7868
2026-05-31 20:07:33,824 [INFO]   Client 5 Loss: 8.8028
2026-05-31 20:09:18,859 [INFO]   Client 6 Loss: 8.3964
2026-05-31 20:09:39,598 [INFO]   Client 7 Loss: 8.6979
2026-05-31 20:10:04,886 [INFO]   Client 8 Loss: 8.6137
2026-05-31 20:15:21,699 [INFO] [Task 4 | Round 19/30 | Global 139] Acc: 14.67% | F1-Mac: 5.90% | Loss: 8.8269
2026-05-31 20:15:21,717 [INFO] 
--- Task 4, Round 20/30 (Global 140) ---
2026-05-31 20:15:46,958 [INFO]   Client 0 Loss: 9.0425
2026-05-31 20:16:00,531 [INFO]   Client 1 Loss: 8.8562
2026-05-31 20:16:23,797 [INFO]   Client 2 Loss: 8.4234
2026-05-31 20:16:26,494 [INFO]   Client 3 Loss: 9.8411
2026-05-31 20:17:37,765 [INFO]   Client 4 Loss: 8.7605
2026-05-31 20:18:25,027 [INFO]   Client 5 Loss: 8.7558
2026-05-31 20:20:10,200 [INFO]   Client 6 Loss: 8.3688
2026-05-31 20:20:30,981 [INFO]   Client 7 Loss: 8.7007
2026-05-31 20:20:56,425 [INFO]   Client 8 Loss: 8.5982
2026-05-31 20:26:14,787 [INFO] [Task 4 | Round 20/30 | Global 140] Acc: 16.19% | F1-Mac: 5.93% | Loss: 8.8163
2026-05-31 20:26:14,804 [INFO] 
--- Task 4, Round 21/30 (Global 141) ---
2026-05-31 20:26:39,646 [INFO]   Client 0 Loss: 9.0289
2026-05-31 20:26:53,435 [INFO]   Client 1 Loss: 8.8658
2026-05-31 20:27:16,672 [INFO]   Client 2 Loss: 8.4389
2026-05-31 20:27:19,536 [INFO]   Client 3 Loss: 9.8763
2026-05-31 20:28:30,024 [INFO]   Client 4 Loss: 8.7692
2026-05-31 20:29:17,215 [INFO]   Client 5 Loss: 8.7970
2026-05-31 20:31:01,189 [INFO]   Client 6 Loss: 8.3926
2026-05-31 20:31:21,810 [INFO]   Client 7 Loss: 8.6663
2026-05-31 20:31:46,954 [INFO]   Client 8 Loss: 8.5805
2026-05-31 20:36:57,070 [INFO] [Task 4 | Round 21/30 | Global 141] Acc: 14.02% | F1-Mac: 5.55% | Loss: 8.8240
2026-05-31 20:36:57,086 [INFO] 
--- Task 4, Round 22/30 (Global 142) ---
2026-05-31 20:37:21,587 [INFO]   Client 0 Loss: 9.0175
2026-05-31 20:37:35,283 [INFO]   Client 1 Loss: 8.8371
2026-05-31 20:37:58,649 [INFO]   Client 2 Loss: 8.4469
2026-05-31 20:38:01,464 [INFO]   Client 3 Loss: 9.7936
2026-05-31 20:39:13,544 [INFO]   Client 4 Loss: 8.7108
2026-05-31 20:40:01,782 [INFO]   Client 5 Loss: 8.7776
2026-05-31 20:41:49,249 [INFO]   Client 6 Loss: 8.4046
2026-05-31 20:42:10,348 [INFO]   Client 7 Loss: 8.7003
2026-05-31 20:42:35,889 [INFO]   Client 8 Loss: 8.6206
2026-05-31 20:48:02,938 [INFO] [Task 4 | Round 22/30 | Global 142] Acc: 13.56% | F1-Mac: 5.35% | Loss: 8.8121
2026-05-31 20:48:02,956 [INFO] 
--- Task 4, Round 23/30 (Global 143) ---
2026-05-31 20:48:28,287 [INFO]   Client 0 Loss: 9.0178
2026-05-31 20:48:42,016 [INFO]   Client 1 Loss: 8.8406
2026-05-31 20:49:05,302 [INFO]   Client 2 Loss: 8.3895
2026-05-31 20:49:08,169 [INFO]   Client 3 Loss: 9.8296
2026-05-31 20:50:19,162 [INFO]   Client 4 Loss: 8.7481
2026-05-31 20:51:06,631 [INFO]   Client 5 Loss: 8.7350
2026-05-31 20:52:51,960 [INFO]   Client 6 Loss: 8.3479
2026-05-31 20:53:12,774 [INFO]   Client 7 Loss: 8.6848
2026-05-31 20:53:38,217 [INFO]   Client 8 Loss: 8.5853
2026-05-31 20:59:00,346 [INFO] [Task 4 | Round 23/30 | Global 143] Acc: 14.54% | F1-Mac: 5.62% | Loss: 8.7976
2026-05-31 20:59:00,363 [INFO] 
--- Task 4, Round 24/30 (Global 144) ---
2026-05-31 20:59:25,618 [INFO]   Client 0 Loss: 9.0013
2026-05-31 20:59:39,241 [INFO]   Client 1 Loss: 8.8350
2026-05-31 21:00:02,508 [INFO]   Client 2 Loss: 8.4005
2026-05-31 21:00:05,203 [INFO]   Client 3 Loss: 9.7968
2026-05-31 21:01:16,240 [INFO]   Client 4 Loss: 8.7367
2026-05-31 21:02:03,761 [INFO]   Client 5 Loss: 8.7853
2026-05-31 21:03:49,632 [INFO]   Client 6 Loss: 8.3265
2026-05-31 21:04:10,396 [INFO]   Client 7 Loss: 8.6658
2026-05-31 21:04:35,691 [INFO]   Client 8 Loss: 8.5901
2026-05-31 21:09:58,206 [INFO] [Task 4 | Round 24/30 | Global 144] Acc: 13.57% | F1-Mac: 5.54% | Loss: 8.7931
2026-05-31 21:09:58,223 [INFO] 
--- Task 4, Round 25/30 (Global 145) ---
2026-05-31 21:10:23,470 [INFO]   Client 0 Loss: 9.0018
2026-05-31 21:10:37,338 [INFO]   Client 1 Loss: 8.8458
2026-05-31 21:11:00,633 [INFO]   Client 2 Loss: 8.4746
2026-05-31 21:11:03,506 [INFO]   Client 3 Loss: 9.7759
2026-05-31 21:12:14,486 [INFO]   Client 4 Loss: 8.7338
2026-05-31 21:13:02,041 [INFO]   Client 5 Loss: 8.7444
2026-05-31 21:14:46,606 [INFO]   Client 6 Loss: 8.3677
2026-05-31 21:15:07,470 [INFO]   Client 7 Loss: 8.6689
2026-05-31 21:15:32,693 [INFO]   Client 8 Loss: 8.5452
2026-05-31 21:20:57,501 [INFO] [Task 4 | Round 25/30 | Global 145] Acc: 14.04% | F1-Mac: 5.50% | Loss: 8.7953
2026-05-31 21:20:57,519 [INFO] 
--- Task 4, Round 26/30 (Global 146) ---
2026-05-31 21:21:22,720 [INFO]   Client 0 Loss: 8.9977
2026-05-31 21:21:36,352 [INFO]   Client 1 Loss: 8.8359
2026-05-31 21:21:59,630 [INFO]   Client 2 Loss: 8.4506
2026-05-31 21:22:02,334 [INFO]   Client 3 Loss: 9.7687
2026-05-31 21:23:13,904 [INFO]   Client 4 Loss: 8.7425
2026-05-31 21:24:01,503 [INFO]   Client 5 Loss: 8.7228
2026-05-31 21:25:47,292 [INFO]   Client 6 Loss: 8.3461
2026-05-31 21:26:08,218 [INFO]   Client 7 Loss: 8.6662
2026-05-31 21:26:33,648 [INFO]   Client 8 Loss: 8.5416
2026-05-31 21:32:17,991 [INFO] [Task 4 | Round 26/30 | Global 146] Acc: 14.90% | F1-Mac: 5.59% | Loss: 8.7858
2026-05-31 21:32:18,009 [INFO] 
--- Task 4, Round 27/30 (Global 147) ---
2026-05-31 21:32:43,132 [INFO]   Client 0 Loss: 9.0009
2026-05-31 21:32:57,292 [INFO]   Client 1 Loss: 8.8202
2026-05-31 21:33:20,864 [INFO]   Client 2 Loss: 8.3567
2026-05-31 21:33:23,750 [INFO]   Client 3 Loss: 9.8365
2026-05-31 21:34:35,912 [INFO]   Client 4 Loss: 8.7018
2026-05-31 21:35:24,273 [INFO]   Client 5 Loss: 8.7332
2026-05-31 21:37:11,497 [INFO]   Client 6 Loss: 8.2995
2026-05-31 21:37:32,716 [INFO]   Client 7 Loss: 8.7101
2026-05-31 21:37:58,402 [INFO]   Client 8 Loss: 8.5361
2026-05-31 21:43:39,473 [INFO] [Task 4 | Round 27/30 | Global 147] Acc: 15.44% | F1-Mac: 6.11% | Loss: 8.7772
2026-05-31 21:43:39,493 [INFO] 
--- Task 4, Round 28/30 (Global 148) ---
2026-05-31 21:44:04,744 [INFO]   Client 0 Loss: 8.9833
2026-05-31 21:44:18,789 [INFO]   Client 1 Loss: 8.7988
2026-05-31 21:44:42,542 [INFO]   Client 2 Loss: 8.4035
2026-05-31 21:44:45,282 [INFO]   Client 3 Loss: 9.7503
2026-05-31 21:45:57,823 [INFO]   Client 4 Loss: 8.7279
2026-05-31 21:46:46,036 [INFO]   Client 5 Loss: 8.7787
2026-05-31 21:48:33,357 [INFO]   Client 6 Loss: 8.3150
2026-05-31 21:48:54,680 [INFO]   Client 7 Loss: 8.6531
2026-05-31 21:49:20,311 [INFO]   Client 8 Loss: 8.5524
2026-05-31 21:55:00,704 [INFO] [Task 4 | Round 28/30 | Global 148] Acc: 14.66% | F1-Mac: 5.60% | Loss: 8.7737
2026-05-31 21:55:00,724 [INFO] 
--- Task 4, Round 29/30 (Global 149) ---
2026-05-31 21:55:25,972 [INFO]   Client 0 Loss: 8.9887
2026-05-31 21:55:40,003 [INFO]   Client 1 Loss: 8.8250
2026-05-31 21:56:03,757 [INFO]   Client 2 Loss: 8.3755
2026-05-31 21:56:06,693 [INFO]   Client 3 Loss: 9.7712
2026-05-31 21:57:18,631 [INFO]   Client 4 Loss: 8.7065
2026-05-31 21:58:06,872 [INFO]   Client 5 Loss: 8.7408
2026-05-31 21:59:52,990 [INFO]   Client 6 Loss: 8.3216
2026-05-31 22:00:14,126 [INFO]   Client 7 Loss: 8.6670
2026-05-31 22:00:39,748 [INFO]   Client 8 Loss: 8.5489
2026-05-31 22:06:22,350 [INFO] [Task 4 | Round 29/30 | Global 149] Acc: 15.25% | F1-Mac: 5.60% | Loss: 8.7717
2026-05-31 22:06:22,368 [INFO] 
--- Task 4, Round 30/30 (Global 150) ---
2026-05-31 22:06:47,511 [INFO]   Client 0 Loss: 8.9628
2026-05-31 22:07:01,433 [INFO]   Client 1 Loss: 8.8258
2026-05-31 22:07:25,349 [INFO]   Client 2 Loss: 8.3798
2026-05-31 22:07:28,075 [INFO]   Client 3 Loss: 9.7598
2026-05-31 22:08:40,212 [INFO]   Client 4 Loss: 8.7448
2026-05-31 22:09:28,546 [INFO]   Client 5 Loss: 8.7512
2026-05-31 22:11:15,281 [INFO]   Client 6 Loss: 8.4378
2026-05-31 22:11:36,571 [INFO]   Client 7 Loss: 8.6626
2026-05-31 22:12:02,347 [INFO]   Client 8 Loss: 8.4822
2026-05-31 22:17:43,186 [INFO] [Task 4 | Round 30/30 | Global 150] Acc: 13.19% | F1-Mac: 5.09% | Loss: 8.7785
2026-05-31 22:17:43,206 [INFO] Task 4 finished. Computing statistics for replay across clients...
2026-05-31 22:18:46,332 [INFO] Task 4 fully completed.
2026-05-31 22:18:46,512 [INFO] --- Starting Task 5 ---
2026-05-31 22:18:53,423 [INFO] Expanding Global Classifier: 30 -> 34
2026-05-31 22:19:00,612 [INFO] 
--- Task 5, Round 1/30 (Global 151) ---
2026-05-31 22:19:56,159 [INFO]   Client 0 Loss: 9.8819
2026-05-31 22:21:35,028 [INFO]   Client 1 Loss: 9.6085
2026-05-31 22:22:01,747 [INFO]   Client 2 Loss: 10.5787
2026-05-31 22:22:04,599 [INFO]   Client 3 Loss: 12.0870
2026-05-31 22:22:25,870 [INFO]   Client 4 Loss: 10.4039
2026-05-31 22:22:38,771 [INFO]   Client 5 Loss: 10.7926
2026-05-31 22:23:35,476 [INFO]   Client 6 Loss: 9.7959
2026-05-31 22:24:04,646 [INFO]   Client 7 Loss: 10.7431
2026-05-31 22:24:06,582 [INFO]   Client 8 Loss: 11.9587
2026-05-31 22:24:18,132 [INFO]   Client 9 Loss: 11.0626
2026-05-31 22:30:27,655 [INFO] [Task 5 | Round 1/30 | Global 151] Acc: 7.11% | F1-Mac: 0.48% | Loss: 10.6913
2026-05-31 22:30:27,673 [INFO] 
--- Task 5, Round 2/30 (Global 152) ---
2026-05-31 22:31:22,606 [INFO]   Client 0 Loss: 9.5001
2026-05-31 22:33:02,253 [INFO]   Client 1 Loss: 9.3686
2026-05-31 22:33:28,812 [INFO]   Client 2 Loss: 9.7347
2026-05-31 22:33:31,882 [INFO]   Client 3 Loss: 10.0483
2026-05-31 22:33:53,203 [INFO]   Client 4 Loss: 9.6091
2026-05-31 22:34:06,132 [INFO]   Client 5 Loss: 9.9760
2026-05-31 22:35:03,700 [INFO]   Client 6 Loss: 9.4595
2026-05-31 22:35:32,735 [INFO]   Client 7 Loss: 10.3365
2026-05-31 22:35:34,619 [INFO]   Client 8 Loss: 10.3731
2026-05-31 22:35:46,068 [INFO]   Client 9 Loss: 9.9475
2026-05-31 22:41:54,634 [INFO] [Task 5 | Round 2/30 | Global 152] Acc: 16.25% | F1-Mac: 3.54% | Loss: 9.8353
2026-05-31 22:41:54,652 [INFO] 
--- Task 5, Round 3/30 (Global 153) ---
2026-05-31 22:42:50,033 [INFO]   Client 0 Loss: 9.3606
2026-05-31 22:44:29,095 [INFO]   Client 1 Loss: 9.2282
2026-05-31 22:44:55,424 [INFO]   Client 2 Loss: 9.5803
2026-05-31 22:44:58,529 [INFO]   Client 3 Loss: 9.7618
2026-05-31 22:45:19,688 [INFO]   Client 4 Loss: 9.3888
2026-05-31 22:45:32,408 [INFO]   Client 5 Loss: 9.7199
2026-05-31 22:46:29,579 [INFO]   Client 6 Loss: 9.3296
2026-05-31 22:46:58,950 [INFO]   Client 7 Loss: 10.1594
2026-05-31 22:47:00,670 [INFO]   Client 8 Loss: 10.1740
2026-05-31 22:47:12,086 [INFO]   Client 9 Loss: 9.7320
2026-05-31 22:53:16,488 [INFO] [Task 5 | Round 3/30 | Global 153] Acc: 17.19% | F1-Mac: 4.62% | Loss: 9.6435
2026-05-31 22:53:16,508 [INFO] 
--- Task 5, Round 4/30 (Global 154) ---
2026-05-31 22:54:11,488 [INFO]   Client 0 Loss: 9.2989
2026-05-31 22:55:51,673 [INFO]   Client 1 Loss: 9.1457
2026-05-31 22:56:17,729 [INFO]   Client 2 Loss: 9.5027
2026-05-31 22:56:20,743 [INFO]   Client 3 Loss: 9.7371
2026-05-31 22:56:41,938 [INFO]   Client 4 Loss: 9.2806
2026-05-31 22:56:54,564 [INFO]   Client 5 Loss: 9.5838
2026-05-31 22:57:51,347 [INFO]   Client 6 Loss: 9.2515
2026-05-31 22:58:20,425 [INFO]   Client 7 Loss: 10.0760
2026-05-31 22:58:22,292 [INFO]   Client 8 Loss: 10.0243
2026-05-31 22:58:33,778 [INFO]   Client 9 Loss: 9.6437
2026-05-31 23:04:11,146 [INFO] [Task 5 | Round 4/30 | Global 154] Acc: 14.05% | F1-Mac: 6.54% | Loss: 9.5544
2026-05-31 23:04:11,164 [INFO] 
--- Task 5, Round 5/30 (Global 155) ---
2026-05-31 23:05:04,905 [INFO]   Client 0 Loss: 9.2514
2026-05-31 23:06:42,681 [INFO]   Client 1 Loss: 9.0682
2026-05-31 23:07:09,101 [INFO]   Client 2 Loss: 9.4103
2026-05-31 23:07:11,997 [INFO]   Client 3 Loss: 9.6727
2026-05-31 23:07:33,355 [INFO]   Client 4 Loss: 9.1648
2026-05-31 23:07:46,311 [INFO]   Client 5 Loss: 9.4944
2026-05-31 23:08:43,637 [INFO]   Client 6 Loss: 9.1909
2026-05-31 23:09:12,846 [INFO]   Client 7 Loss: 10.0430
2026-05-31 23:09:14,732 [INFO]   Client 8 Loss: 10.0717
2026-05-31 23:09:26,373 [INFO]   Client 9 Loss: 9.6171
2026-05-31 23:15:18,788 [INFO] [Task 5 | Round 5/30 | Global 155] Acc: 14.53% | F1-Mac: 8.42% | Loss: 9.4984
2026-05-31 23:15:18,806 [INFO] 
--- Task 5, Round 6/30 (Global 156) ---
2026-05-31 23:16:13,215 [INFO]   Client 0 Loss: 9.2341
2026-05-31 23:17:51,091 [INFO]   Client 1 Loss: 9.0400
2026-05-31 23:18:17,312 [INFO]   Client 2 Loss: 9.3654
2026-05-31 23:18:20,355 [INFO]   Client 3 Loss: 9.6123
2026-05-31 23:18:41,377 [INFO]   Client 4 Loss: 9.0782
2026-05-31 23:18:54,090 [INFO]   Client 5 Loss: 9.4478
2026-05-31 23:19:50,481 [INFO]   Client 6 Loss: 9.1613
2026-05-31 23:20:19,368 [INFO]   Client 7 Loss: 9.9219
2026-05-31 23:20:21,211 [INFO]   Client 8 Loss: 10.0172
2026-05-31 23:20:32,434 [INFO]   Client 9 Loss: 9.5558
2026-05-31 23:26:15,116 [INFO] [Task 5 | Round 6/30 | Global 156] Acc: 14.40% | F1-Mac: 7.56% | Loss: 9.4434
2026-05-31 23:26:15,133 [INFO] 
--- Task 5, Round 7/30 (Global 157) ---
2026-05-31 23:27:09,629 [INFO]   Client 0 Loss: 9.2046
2026-05-31 23:28:47,348 [INFO]   Client 1 Loss: 9.0134
2026-05-31 23:29:13,220 [INFO]   Client 2 Loss: 9.3392
2026-05-31 23:29:16,241 [INFO]   Client 3 Loss: 9.6102
2026-05-31 23:29:37,424 [INFO]   Client 4 Loss: 9.0989
2026-05-31 23:29:49,948 [INFO]   Client 5 Loss: 9.4029
2026-05-31 23:30:46,199 [INFO]   Client 6 Loss: 9.1328
2026-05-31 23:31:15,056 [INFO]   Client 7 Loss: 9.8842
2026-05-31 23:31:16,761 [INFO]   Client 8 Loss: 10.0057
2026-05-31 23:31:27,948 [INFO]   Client 9 Loss: 9.5369
2026-05-31 23:37:14,982 [INFO] [Task 5 | Round 7/30 | Global 157] Acc: 14.37% | F1-Mac: 7.48% | Loss: 9.4229
2026-05-31 23:37:15,000 [INFO] 
--- Task 5, Round 8/30 (Global 158) ---
2026-05-31 23:38:10,653 [INFO]   Client 0 Loss: 9.1802
2026-05-31 23:39:51,292 [INFO]   Client 1 Loss: 9.0050
2026-05-31 23:40:17,909 [INFO]   Client 2 Loss: 9.2924
2026-05-31 23:40:20,994 [INFO]   Client 3 Loss: 9.5797
2026-05-31 23:40:42,485 [INFO]   Client 4 Loss: 9.0868
2026-05-31 23:40:55,286 [INFO]   Client 5 Loss: 9.3842
2026-05-31 23:41:52,643 [INFO]   Client 6 Loss: 9.1092
2026-05-31 23:42:22,151 [INFO]   Client 7 Loss: 9.8879
2026-05-31 23:42:24,085 [INFO]   Client 8 Loss: 9.9929
2026-05-31 23:42:35,703 [INFO]   Client 9 Loss: 9.5114
2026-05-31 23:48:21,564 [INFO] [Task 5 | Round 8/30 | Global 158] Acc: 14.01% | F1-Mac: 7.23% | Loss: 9.4030
2026-05-31 23:48:21,581 [INFO] 
--- Task 5, Round 9/30 (Global 159) ---
2026-05-31 23:49:15,601 [INFO]   Client 0 Loss: 9.1542
2026-05-31 23:50:53,131 [INFO]   Client 1 Loss: 8.9650
2026-05-31 23:51:19,116 [INFO]   Client 2 Loss: 9.3196
2026-05-31 23:51:21,961 [INFO]   Client 3 Loss: 9.5395
2026-05-31 23:51:42,960 [INFO]   Client 4 Loss: 9.0488
2026-05-31 23:51:55,671 [INFO]   Client 5 Loss: 9.3896
2026-05-31 23:52:51,884 [INFO]   Client 6 Loss: 9.0946
2026-05-31 23:53:20,558 [INFO]   Client 7 Loss: 9.8561
2026-05-31 23:53:22,430 [INFO]   Client 8 Loss: 9.9760
2026-05-31 23:53:33,843 [INFO]   Client 9 Loss: 9.4907
2026-05-31 23:59:06,617 [INFO] [Task 5 | Round 9/30 | Global 159] Acc: 14.59% | F1-Mac: 8.37% | Loss: 9.3834
2026-05-31 23:59:06,633 [INFO] 
--- Task 5, Round 10/30 (Global 160) ---
2026-06-01 00:00:00,704 [INFO]   Client 0 Loss: 9.2237
2026-06-01 00:01:37,838 [INFO]   Client 1 Loss: 8.9682
2026-06-01 00:02:03,635 [INFO]   Client 2 Loss: 9.2891
2026-06-01 00:02:06,624 [INFO]   Client 3 Loss: 9.5156
2026-06-01 00:02:27,597 [INFO]   Client 4 Loss: 9.0155
2026-06-01 00:02:40,260 [INFO]   Client 5 Loss: 9.3603
2026-06-01 00:03:36,115 [INFO]   Client 6 Loss: 9.0738
2026-06-01 00:04:04,779 [INFO]   Client 7 Loss: 9.7729
2026-06-01 00:04:06,617 [INFO]   Client 8 Loss: 10.0772
2026-06-01 00:04:17,772 [INFO]   Client 9 Loss: 9.4668
2026-06-01 00:09:49,986 [INFO] [Task 5 | Round 10/30 | Global 160] Acc: 14.58% | F1-Mac: 7.97% | Loss: 9.3763
2026-06-01 00:09:50,002 [INFO] 
--- Task 5, Round 11/30 (Global 161) ---
2026-06-01 00:10:44,267 [INFO]   Client 0 Loss: 9.1342
2026-06-01 00:12:20,866 [INFO]   Client 1 Loss: 8.9937
2026-06-01 00:12:46,559 [INFO]   Client 2 Loss: 9.2797
2026-06-01 00:12:49,558 [INFO]   Client 3 Loss: 9.4913
2026-06-01 00:13:10,446 [INFO]   Client 4 Loss: 8.9799
2026-06-01 00:13:22,927 [INFO]   Client 5 Loss: 9.3391
2026-06-01 00:14:18,743 [INFO]   Client 6 Loss: 9.0556
2026-06-01 00:14:47,426 [INFO]   Client 7 Loss: 9.7854
2026-06-01 00:14:49,104 [INFO]   Client 8 Loss: 9.9408
2026-06-01 00:15:00,214 [INFO]   Client 9 Loss: 9.4755
2026-06-01 00:20:41,624 [INFO] [Task 5 | Round 11/30 | Global 161] Acc: 14.04% | F1-Mac: 7.41% | Loss: 9.3475
2026-06-01 00:20:41,642 [INFO] 
--- Task 5, Round 12/30 (Global 162) ---
2026-06-01 00:21:36,966 [INFO]   Client 0 Loss: 9.1630
2026-06-01 00:23:16,302 [INFO]   Client 1 Loss: 8.9313
2026-06-01 00:23:42,561 [INFO]   Client 2 Loss: 9.2409
2026-06-01 00:23:45,608 [INFO]   Client 3 Loss: 9.4772
2026-06-01 00:24:06,806 [INFO]   Client 4 Loss: 8.9715
2026-06-01 00:24:19,460 [INFO]   Client 5 Loss: 9.3408
2026-06-01 00:25:15,601 [INFO]   Client 6 Loss: 9.0507
2026-06-01 00:25:44,739 [INFO]   Client 7 Loss: 9.7527
2026-06-01 00:25:46,599 [INFO]   Client 8 Loss: 9.9381
2026-06-01 00:25:57,973 [INFO]   Client 9 Loss: 9.4666
2026-06-01 00:31:42,580 [INFO] [Task 5 | Round 12/30 | Global 162] Acc: 14.39% | F1-Mac: 7.88% | Loss: 9.3333
2026-06-01 00:31:42,597 [INFO] 
--- Task 5, Round 13/30 (Global 163) ---
2026-06-01 00:32:37,077 [INFO]   Client 0 Loss: 9.1728
2026-06-01 00:34:15,419 [INFO]   Client 1 Loss: 8.9306
2026-06-01 00:34:41,639 [INFO]   Client 2 Loss: 9.2166
2026-06-01 00:34:44,506 [INFO]   Client 3 Loss: 9.4723
2026-06-01 00:35:05,542 [INFO]   Client 4 Loss: 8.9423
2026-06-01 00:35:18,312 [INFO]   Client 5 Loss: 9.3245
2026-06-01 00:36:15,097 [INFO]   Client 6 Loss: 9.0386
2026-06-01 00:36:43,923 [INFO]   Client 7 Loss: 9.6906
2026-06-01 00:36:45,782 [INFO]   Client 8 Loss: 9.9700
2026-06-01 00:36:57,193 [INFO]   Client 9 Loss: 9.4389
2026-06-01 00:42:42,099 [INFO] [Task 5 | Round 13/30 | Global 163] Acc: 14.58% | F1-Mac: 7.89% | Loss: 9.3197
2026-06-01 00:42:42,117 [INFO] 
--- Task 5, Round 14/30 (Global 164) ---
2026-06-01 00:43:36,373 [INFO]   Client 0 Loss: 9.1360
2026-06-01 00:45:14,677 [INFO]   Client 1 Loss: 8.9207
2026-06-01 00:45:40,973 [INFO]   Client 2 Loss: 9.2182
2026-06-01 00:45:43,987 [INFO]   Client 3 Loss: 9.4686
2026-06-01 00:46:05,000 [INFO]   Client 4 Loss: 8.9671
2026-06-01 00:46:17,728 [INFO]   Client 5 Loss: 9.3172
2026-06-01 00:47:14,523 [INFO]   Client 6 Loss: 9.0257
2026-06-01 00:47:43,453 [INFO]   Client 7 Loss: 9.6781
2026-06-01 00:47:45,313 [INFO]   Client 8 Loss: 9.9234
2026-06-01 00:47:56,520 [INFO]   Client 9 Loss: 9.4397
2026-06-01 00:53:51,186 [INFO] [Task 5 | Round 14/30 | Global 164] Acc: 14.48% | F1-Mac: 7.80% | Loss: 9.3095
2026-06-01 00:53:51,204 [INFO] 
--- Task 5, Round 15/30 (Global 165) ---
2026-06-01 00:54:46,230 [INFO]   Client 0 Loss: 9.1230
2026-06-01 00:56:24,991 [INFO]   Client 1 Loss: 8.9028
2026-06-01 00:56:51,095 [INFO]   Client 2 Loss: 9.1997
2026-06-01 00:56:54,113 [INFO]   Client 3 Loss: 9.4738
2026-06-01 00:57:15,173 [INFO]   Client 4 Loss: 8.9537
2026-06-01 00:57:27,637 [INFO]   Client 5 Loss: 9.2985
2026-06-01 00:58:23,766 [INFO]   Client 6 Loss: 9.0233
2026-06-01 00:58:52,725 [INFO]   Client 7 Loss: 9.6576
2026-06-01 00:58:54,428 [INFO]   Client 8 Loss: 9.8954
2026-06-01 00:59:05,649 [INFO]   Client 9 Loss: 9.4265
2026-06-01 01:04:52,025 [INFO] [Task 5 | Round 15/30 | Global 165] Acc: 14.84% | F1-Mac: 8.14% | Loss: 9.2954
2026-06-01 01:04:52,044 [INFO] 
--- Task 5, Round 16/30 (Global 166) ---
2026-06-01 01:05:46,487 [INFO]   Client 0 Loss: 9.0927
2026-06-01 01:07:25,121 [INFO]   Client 1 Loss: 8.9136
2026-06-01 01:07:51,127 [INFO]   Client 2 Loss: 9.1980
2026-06-01 01:07:54,154 [INFO]   Client 3 Loss: 9.4543
2026-06-01 01:08:15,132 [INFO]   Client 4 Loss: 8.8936
2026-06-01 01:08:27,664 [INFO]   Client 5 Loss: 9.2875
2026-06-01 01:09:23,840 [INFO]   Client 6 Loss: 9.0121
2026-06-01 01:09:52,705 [INFO]   Client 7 Loss: 9.6381
2026-06-01 01:09:54,558 [INFO]   Client 8 Loss: 9.8393
2026-06-01 01:10:05,963 [INFO]   Client 9 Loss: 9.4130
2026-06-01 01:15:53,771 [INFO] [Task 5 | Round 16/30 | Global 166] Acc: 14.54% | F1-Mac: 7.96% | Loss: 9.2742
2026-06-01 01:15:53,789 [INFO] 
--- Task 5, Round 17/30 (Global 167) ---
2026-06-01 01:16:47,884 [INFO]   Client 0 Loss: 9.0941
2026-06-01 01:18:25,847 [INFO]   Client 1 Loss: 8.8942
2026-06-01 01:18:52,103 [INFO]   Client 2 Loss: 9.2008
2026-06-01 01:18:54,972 [INFO]   Client 3 Loss: 9.4236
2026-06-01 01:19:16,091 [INFO]   Client 4 Loss: 8.8916
2026-06-01 01:19:28,854 [INFO]   Client 5 Loss: 9.2966
2026-06-01 01:20:25,655 [INFO]   Client 6 Loss: 9.0140
2026-06-01 01:20:54,539 [INFO]   Client 7 Loss: 9.5965
2026-06-01 01:20:56,403 [INFO]   Client 8 Loss: 9.8613
2026-06-01 01:21:07,829 [INFO]   Client 9 Loss: 9.4033
2026-06-01 01:26:53,951 [INFO] [Task 5 | Round 17/30 | Global 167] Acc: 14.56% | F1-Mac: 8.14% | Loss: 9.2676
2026-06-01 01:26:53,967 [INFO] 
--- Task 5, Round 18/30 (Global 168) ---
2026-06-01 01:27:48,725 [INFO]   Client 0 Loss: 9.1147
2026-06-01 01:29:26,543 [INFO]   Client 1 Loss: 8.8714
2026-06-01 01:29:52,548 [INFO]   Client 2 Loss: 9.1804
2026-06-01 01:29:55,558 [INFO]   Client 3 Loss: 9.4465
2026-06-01 01:30:16,581 [INFO]   Client 4 Loss: 8.8783
2026-06-01 01:30:29,206 [INFO]   Client 5 Loss: 9.3106
2026-06-01 01:31:25,602 [INFO]   Client 6 Loss: 9.0077
2026-06-01 01:31:54,344 [INFO]   Client 7 Loss: 9.6291
2026-06-01 01:31:56,200 [INFO]   Client 8 Loss: 9.8485
2026-06-01 01:32:07,462 [INFO]   Client 9 Loss: 9.3946
2026-06-01 01:37:53,098 [INFO] [Task 5 | Round 18/30 | Global 168] Acc: 14.35% | F1-Mac: 7.77% | Loss: 9.2682
2026-06-01 01:37:53,114 [INFO] 
--- Task 5, Round 19/30 (Global 169) ---
2026-06-01 01:38:47,721 [INFO]   Client 0 Loss: 9.0835
2026-06-01 01:40:25,914 [INFO]   Client 1 Loss: 8.8330
2026-06-01 01:40:51,921 [INFO]   Client 2 Loss: 9.1667
2026-06-01 01:40:54,938 [INFO]   Client 3 Loss: 9.4431
2026-06-01 01:41:15,951 [INFO]   Client 4 Loss: 8.8903
2026-06-01 01:41:28,476 [INFO]   Client 5 Loss: 9.2882
2026-06-01 01:42:24,614 [INFO]   Client 6 Loss: 9.0021
2026-06-01 01:42:53,689 [INFO]   Client 7 Loss: 9.6186
2026-06-01 01:42:55,400 [INFO]   Client 8 Loss: 9.9005
2026-06-01 01:43:06,613 [INFO]   Client 9 Loss: 9.3766
2026-06-01 01:48:51,369 [INFO] [Task 5 | Round 19/30 | Global 169] Acc: 14.56% | F1-Mac: 8.01% | Loss: 9.2603
2026-06-01 01:48:51,387 [INFO] 
--- Task 5, Round 20/30 (Global 170) ---
2026-06-01 01:49:45,685 [INFO]   Client 0 Loss: 9.0601
2026-06-01 01:51:23,727 [INFO]   Client 1 Loss: 8.8764
2026-06-01 01:51:49,734 [INFO]   Client 2 Loss: 9.1729
2026-06-01 01:51:52,733 [INFO]   Client 3 Loss: 9.4624
2026-06-01 01:52:13,837 [INFO]   Client 4 Loss: 8.8477
2026-06-01 01:52:26,340 [INFO]   Client 5 Loss: 9.2731
2026-06-01 01:53:22,561 [INFO]   Client 6 Loss: 8.9928
2026-06-01 01:53:51,556 [INFO]   Client 7 Loss: 9.5752
2026-06-01 01:53:53,422 [INFO]   Client 8 Loss: 9.8419
2026-06-01 01:54:04,791 [INFO]   Client 9 Loss: 9.4041
2026-06-01 01:59:51,297 [INFO] [Task 5 | Round 20/30 | Global 170] Acc: 14.86% | F1-Mac: 8.36% | Loss: 9.2507
2026-06-01 01:59:51,313 [INFO] 
--- Task 5, Round 21/30 (Global 171) ---
2026-06-01 02:00:45,204 [INFO]   Client 0 Loss: 9.1022
2026-06-01 02:02:23,352 [INFO]   Client 1 Loss: 8.8288
2026-06-01 02:02:49,543 [INFO]   Client 2 Loss: 9.1546
2026-06-01 02:02:52,406 [INFO]   Client 3 Loss: 9.4710
2026-06-01 02:03:13,301 [INFO]   Client 4 Loss: 8.8614
2026-06-01 02:03:25,935 [INFO]   Client 5 Loss: 9.2699
2026-06-01 02:04:22,047 [INFO]   Client 6 Loss: 8.9907
2026-06-01 02:04:50,983 [INFO]   Client 7 Loss: 9.5225
2026-06-01 02:04:52,841 [INFO]   Client 8 Loss: 9.8951
2026-06-01 02:05:04,307 [INFO]   Client 9 Loss: 9.3569
2026-06-01 02:10:52,629 [INFO] [Task 5 | Round 21/30 | Global 171] Acc: 15.02% | F1-Mac: 8.53% | Loss: 9.2453
2026-06-01 02:10:52,646 [INFO] 
--- Task 5, Round 22/30 (Global 172) ---
2026-06-01 02:11:47,331 [INFO]   Client 0 Loss: 9.0734
2026-06-01 02:13:25,251 [INFO]   Client 1 Loss: 8.8720
2026-06-01 02:13:51,494 [INFO]   Client 2 Loss: 9.1345
2026-06-01 02:13:54,517 [INFO]   Client 3 Loss: 9.4082
2026-06-01 02:14:15,646 [INFO]   Client 4 Loss: 8.8444
2026-06-01 02:14:28,381 [INFO]   Client 5 Loss: 9.2764
2026-06-01 02:15:24,670 [INFO]   Client 6 Loss: 8.9896
2026-06-01 02:15:53,561 [INFO]   Client 7 Loss: 9.5853
2026-06-01 02:15:55,423 [INFO]   Client 8 Loss: 9.8129
2026-06-01 02:16:06,629 [INFO]   Client 9 Loss: 9.3655
2026-06-01 02:21:51,569 [INFO] [Task 5 | Round 22/30 | Global 172] Acc: 14.93% | F1-Mac: 8.36% | Loss: 9.2362
2026-06-01 02:21:51,586 [INFO] 
--- Task 5, Round 23/30 (Global 173) ---
2026-06-01 02:22:46,498 [INFO]   Client 0 Loss: 9.0773
2026-06-01 02:24:24,728 [INFO]   Client 1 Loss: 8.8247
2026-06-01 02:24:51,667 [INFO]   Client 2 Loss: 9.1268
2026-06-01 02:24:54,781 [INFO]   Client 3 Loss: 9.4117
2026-06-01 02:25:16,368 [INFO]   Client 4 Loss: 8.8553
2026-06-01 02:25:29,220 [INFO]   Client 5 Loss: 9.2606
2026-06-01 02:26:27,139 [INFO]   Client 6 Loss: 8.9837
2026-06-01 02:26:56,971 [INFO]   Client 7 Loss: 9.5464
2026-06-01 02:26:58,720 [INFO]   Client 8 Loss: 9.9048
2026-06-01 02:27:10,296 [INFO]   Client 9 Loss: 9.3741
